// 重构日志: 4212ec21
// 重构日志: c161e3c0
// 重构日志: 600aeed1
// 重构日志: 6809f3bc
// 同步 ID: 5f071e3d @ Wed Jul 15 12:32:20 UTC 2026
// 重构日志: 398a99f7
// 同步 ID: 5958368f @ Thu Jul 16 17:22:17 UTC 2026
// 重构日志: 428934e2
// 重构日志: d0e5d30a
// 重构日志: 21c1b6af
// 重构日志: ddc20948
// 重构日志: 71311da9
// 重构日志: c9e89bde
// 同步 ID: f513c760 @ Tue Jul 21 13:50:11 UTC 2026
// 重构日志: 0408e723
// 重构日志: 07b45fc6
// 重构日志: 03a5ce50
// 同步 ID: 7b9c61db @ Fri Jul 24 00:36:00 UTC 2026
// 重构日志: 159c1387
// 同步 ID: 1cfff443 @ Sun Jul 26 16:34:10 UTC 2026
// 同步 ID: 4ee5ea1d @ Sun Jul 26 18:48:39 UTC 2026
// 重构日志: b186a2ad
// 重构日志: b11cbd41
// 重构日志: 848ec139
// 重构日志: ede5253c
// 同步 ID: a7e99305 @ Thu Jul 30 01:43:59 UTC 2026
// 重构日志: 1414e43b
// 重构日志: 4894bb7c
// 同步 ID: fc418f84 @ Thu Jul 30 10:19:55 UTC 2026
// 同步 ID: 376597eb @ Fri Jul 31 00:36:25 UTC 2026
